Erro no arquivo: ./Observa Brasil/2013/Informe-Semanal-Brasil-Sul-Americano-28-2013.pdf
Erro no arquivo: ./Observa Brasil/2013/Informe-Semanal-Brasil-Sul-Americano-7-2013.pdf
Erro no arquivo: ./Observa Brasil/2013/Informe-Semanal-Brasil-Sul-Americano-10-2013.pdf
Erro no arquivo: ./Observa Brasil/2013/Informe-Semanal-Brasil-Sul-Americano-33-2013.pdf
Erro no arquivo: ./Observa Brasil/2013/Informe-Semanal-Brasil-Sul-Americano-9-2013.pdf
Erro no arquivo: ./Observa Brasil/2013/Informe-Semanal-Brasil-Sul-Americano-8-2013.pdf
Erro no arquivo: ./Observa Brasil/2013/Informe-Semanal-Brasil-Sul-Americano-15-2013.pdf
Erro no arquivo: ./Observa Brasil/2013/Informe-Semanal-Brasil-Sul-Americano-19-2013.pdf
Erro no arquivo: ./Observa Brasil/2014/Informe-Semanal-Brasil-Sul-Americano-45-2014.pdf
Erro no arquivo: ./Observa Brasil/2012/Informe-Semanal-Brasil-Sul-Americano-26-2012.pdf
Erro no arquivo: ./Observa Brasil/2008/Informe-Semanal-Brasil-294.pdf
Erro no arquivo: ./Observa Brasil/2008/Informe-Semanal-Brasil-280.pdf
Erro no arquivo: ./Observa Brasil/2008/Informe-Semanal-Brasil-281.pdf
Erro no arquivo: ./Observa Brasil/2008/Informe-Semanal-Brasil-295.pdf
Erro no arquivo: ./Observa Brasil/2008/Informe-Semanal-Brasil-308.pdf
Erro no arquivo: ./Observa Brasil/2008/Informe-Semanal-Brasil-283.pdf
Erro no arquivo: ./Observa Brasil/2008/Informe-Semanal-Brasil-297.pdf
Erro no arquivo: ./Observa Brasil/2008/Informe-Semanal-Brasil-296.pdf
Erro no arquivo: ./Observa Brasil/2008/Informe-Semanal-Brasil-282.pdf
Erro no arquivo: ./Observa Brasil/2008/Informe-Semanal-Brasil-309.pdf
Erro no arquivo: ./Observa Brasil/2008/Informe-Semanal-Brasil-279.pdf
Erro no arquivo: ./Observa Brasil/2008/Informe-Semanal-Brasil-286.pdf
Erro no arquivo: ./Observa Brasil/2008/Informe-Semanal-Brasil-293.pdf
Erro no arquivo: ./Observa Brasil/2008/Informe-Semanal-Brasil-287.pdf
Erro no arquivo: ./Observa Brasil/2008/Informe-Semanal-Brasil-291.pdf
Erro no arquivo: ./Observa Brasil/2008/Informe-Semanal-Brasil-285.pdf
Erro no arquivo: ./Observa Brasil/2008/Informe-Semanal-Brasil-284.pdf
Erro no arquivo: ./Observa Brasil/2008/Informe-Semanal-Brasil-290.pdf
Erro no arquivo: ./Observa Brasil/2008/Informe-Semanal-Brasil-302.pdf
Erro no arquivo: ./Observa Brasil/2008/Informe-Semanal-Brasil-316.pdf
Erro no arquivo: ./Observa Brasil/2008/Informe-Semanal-Brasil-288.pdf
Erro no arquivo: ./Observa Brasil/2008/Informe-Semanal-Brasil-303.pdf
Erro no arquivo: ./Observa Brasil/2008/Informe-Semanal-Brasil-315.pdf
Erro no arquivo: ./Observa Brasil/2008/Informe-Semanal-Brasil-301.pdf
Erro no arquivo: ./Observa Brasil/2008/Informe-Semanal-Brasil-300.pdf
Erro no arquivo: ./Observa Brasil/2008/Informe-Semanal-Brasil-314.pdf
Erro no arquivo: ./Observa Brasil/2008/Informe-Semanal-Brasil-310.pdf
Erro no arquivo: ./Observa Brasil/2008/Informe-Semanal-Brasil-304.pdf
Erro no arquivo: ./Observa Brasil/2008/Informe-Semanal-Brasil-305.pdf
Erro no arquivo: ./Observa Brasil/2008/Informe-Semanal-Brasil-311.pdf
Erro no arquivo: ./Observa Brasil/2008/Informe-Semanal-Brasil-307.pdf
Erro no arquivo: ./Observa Brasil/2008/Informe-Semanal-Brasil-313.pdf
Erro no arquivo: ./Observa Brasil/2008/Informe-Semanal-Brasil-298.pdf
Erro no arquivo: ./Observa Brasil/2008/Informe-Semanal-Brasil-299.pdf
Erro no arquivo: ./Observa Brasil/2008/Informe-Semanal-Brasil-312.pdf
Erro no arquivo: ./Observa Brasil/2008/Informe-Semanal-Brasil-306.pdf
Erro no arquivo: ./Observa Brasil/2001/Informe-Semanal-Brasil-7.pdf
Erro no arquivo: ./Observa Brasil/2001/Informe-Semanal-Brasil-14.pdf
Erro no arquivo: ./Observa Brasil/2001/Informe-Semanal-Brasil-6.pdf
Erro no arquivo: ./Observa Brasil/2001/Informe-Semanal-Brasil-10.pdf
Erro no arquivo: ./Observa Brasil/2001/Informe-Semanal-Brasil-11.pdf
Erro no arquivo: ./Observa Brasil/2001/Informe-Semanal-Brasil-3.pdf
Erro no arquivo: ./Observa Brasil/2001/Informe-Semanal-Brasil-2-2001.pdf
Erro no arquivo: ./Observa Brasil/2001/Informe-Semanal-Brasil-13.pdf
Erro no arquivo: ./Observa Brasil/2001/Informe-Semanal-Brasil-12.pdf
Erro no arquivo: ./Observa Brasil/2001/Informe-Semanal-Brasil-8.pdf
Erro no arquivo: ./Observa Brasil/2001/Informe-Semanal-Brasil-9.pdf
Erro no arquivo: ./Observa Brasil/2001/Informe-Semanal-Brasil-1-2001.pdf
Erro no arquivo: ./Observa Brasil/2006/Informe-Semanal-Brasil-208.pdf
Erro no arquivo: ./Observa Brasil/2006/Informe-Semanal-Brasil-234.pdf
Erro no arquivo: ./Observa Brasil/2006/Informe-Semanal-Brasil-220.pdf
Erro no arquivo: ./Observa Brasil/2006/Informe-Semanal-Brasil-235.pdf
Erro no arquivo: ./Observa Brasil/2006/Informe-Semanal-Brasil-209.pdf
Erro no arquivo: ./Observa Brasil/2006/Informe-Semanal-Brasil-226.pdf
Erro no arquivo: ./Observa Brasil/2006/Informe-Semanal-Brasil-233.pdf
Erro no arquivo: ./Observa Brasil/2006/Informe-Semanal-Brasil-227.pdf
Erro no arquivo: ./Observa Brasil/2006/Informe-Semanal-Brasil-231.pdf
Erro no arquivo: ./Observa Brasil/2006/Informe-Semanal-Brasil-225.pdf
Erro no arquivo: ./Observa Brasil/2006/Informe-Semanal-Brasil-219.pdf
Erro no arquivo: ./Observa Brasil/2006/Informe-Semanal-Brasil-218.pdf
Erro no arquivo: ./Observa Brasil/2006/Informe-Semanal-Brasil-224.pdf
Erro no arquivo: ./Observa Brasil/2006/Informe-Semanal-Brasil-230.pdf
Erro no arquivo: ./Observa Brasil/2006/Informe-Semanal-Brasil-229.pdf
Erro no arquivo: ./Observa Brasil/2006/Informe-Semanal-Brasil-215.pdf
Erro no arquivo: ./Observa Brasil/2006/Informe-Semanal-Brasil-200.pdf
Erro no arquivo: ./Observa Brasil/2006/Informe-Semanal-Brasil-214.pdf
Erro no arquivo: ./Observa Brasil/2006/Informe-Semanal-Brasil-228.pdf
Erro no arquivo: ./Observa Brasil/2006/Informe-Semanal-Brasil-202.pdf
Erro no arquivo: ./Observa Brasil/2006/Informe-Semanal-Brasil-216.pdf
Erro no arquivo: ./Observa Brasil/2006/Informe-Semanal-Brasil-217.pdf
Erro no arquivo: ./Observa Brasil/2006/Informe-Semanal-Brasil-203.pdf
Erro no arquivo: ./Observa Brasil/2006/Informe-Semanal-Brasil-207.pdf
Erro no arquivo: ./Observa Brasil/2006/Informe-Semanal-Brasil-213.pdf
Erro no arquivo: ./Observa Brasil/2006/Informe-Semanal-Brasil-212.pdf
Erro no arquivo: ./Observa Brasil/2006/Informe-Semanal-Brasil-199.pdf
Erro no arquivo: ./Observa Brasil/2006/Informe-Semanal-Brasil-210.pdf
Erro no arquivo: ./Observa Brasil/2006/Informe-Semanal-Brasil-204.pdf
Erro no arquivo: ./Observa Brasil/2006/Informe-Semanal-Brasil-205.pdf
Erro no arquivo: ./Observa Brasil/2006/Informe-Semanal-Brasil-211.pdf
Erro no arquivo: ./Observa Brasil/2007/Informe-Semanal-Brasil-257.pdf
Erro no arquivo: ./Observa Brasil/2007/Informe-Semanal-Brasil-243.pdf
Erro no arquivo: ./Observa Brasil/2007/Informe-Semanal-Brasil-242.pdf
Erro no arquivo: ./Observa Brasil/2007/Informe-Semanal-Brasil-256.pdf
Erro no arquivo: ./Observa Brasil/2007/Informe-Semanal-Brasil-268.pdf
Erro no arquivo: ./Observa Brasil/2007/Informe-Semanal-Brasil-240.pdf
Erro no arquivo: ./Observa Brasil/2007/Informe-Semanal-Brasil-254.pdf
Erro no arquivo: ./Observa Brasil/2007/Informe-Semanal-Brasil-255.pdf
Erro no arquivo: ./Observa Brasil/2007/Informe-Semanal-Brasil-241.pdf
Erro no arquivo: ./Observa Brasil/2007/Informe-Semanal-Brasil-269.pdf
Erro no arquivo: ./Observa Brasil/2007/Informe-Semanal-Brasil-245.pdf
Erro no arquivo: ./Observa Brasil/2007/Informe-Semanal-Brasil-251.pdf
Erro no arquivo: ./Observa Brasil/2007/Informe-Semanal-Brasil-250.pdf
Erro no arquivo: ./Observa Brasil/2007/Informe-Semanal-Brasil-244.pdf
Erro no arquivo: ./Observa Brasil/2007/Informe-Semanal-Brasil-252.pdf
Erro no arquivo: ./Observa Brasil/2007/Informe-Semanal-Brasil-246.pdf
Erro no arquivo: ./Observa Brasil/2007/Informe-Semanal-Brasil-247.pdf
Erro no arquivo: ./Observa Brasil/2007/Informe-Semanal-Brasil-253.pdf
Erro no arquivo: ./Observa Brasil/2007/Informe-Semanal-Brasil-237.pdf
Erro no arquivo: ./Observa Brasil/2007/Informe-Semanal-Brasil-236.pdf
Erro no arquivo: ./Observa Brasil/2007/Informe-Semanal-Brasil-238.pdf
Erro no arquivo: ./Observa Brasil/2007/Informe-Semanal-Brasil-276.pdf
Erro no arquivo: ./Observa Brasil/2007/Informe-Semanal-Brasil-262.pdf
Erro no arquivo: ./Observa Brasil/2007/Informe-Semanal-Brasil-263.pdf
Erro no arquivo: ./Observa Brasil/2007/Informe-Semanal-Brasil-261.pdf
Erro no arquivo: ./Observa Brasil/2007/Informe-Semanal-Brasil-275.pdf
Erro no arquivo: ./Observa Brasil/2007/Informe-Semanal-Brasil-274.pdf
Erro no arquivo: ./Observa Brasil/2007/Informe-Semanal-Brasil-260.pdf
Erro no arquivo: ./Observa Brasil/2007/Informe-Semanal-Brasil-264.pdf
Erro no arquivo: ./Observa Brasil/2007/Informe-Semanal-Brasil-270.pdf
Erro no arquivo: ./Observa Brasil/2007/Informe-Semanal-Brasil-258.pdf
Erro no arquivo: ./Observa Brasil/2007/Informe-Semanal-Brasil-259.pdf
Erro no arquivo: ./Observa Brasil/2007/Informe-Semanal-Brasil-271.pdf
Erro no arquivo: ./Observa Brasil/2007/Informe-Semanal-Brasil-265.pdf
Erro no arquivo: ./Observa Brasil/2007/Informe-Semanal-Brasil-273.pdf
Erro no arquivo: ./Observa Brasil/2007/Informe-Semanal-Brasil-267.pdf
Erro no arquivo: ./Observa Brasil/2007/Informe-Semanal-Brasil-272.pdf
Erro no arquivo: ./Observa Brasil/2009/Informe-Semanal-Brasil-337.pdf
Erro no arquivo: ./Observa Brasil/2009/Informe-Semanal-Brasil-336.pdf
Erro no arquivo: ./Observa Brasil/2009/Informe-Semanal-Brasil-322.pdf
Erro no arquivo: ./Observa Brasil/2009/Informe-Semanal-Brasil-320.pdf
Erro no arquivo: ./Observa Brasil/2009/Informe-Semanal-Brasil-321.pdf
Erro no arquivo: ./Observa Brasil/2009/Informe-Semanal-Brasil-335.pdf
Erro no arquivo: ./Observa Brasil/2009/Informe-Semanal-Brasil-331.pdf
Erro no arquivo: ./Observa Brasil/2009/Informe-Semanal-Brasil-325.pdf
Erro no arquivo: ./Observa Brasil/2009/Informe-Semanal-Brasil-319.pdf
Erro no arquivo: ./Observa Brasil/2009/Informe-Semanal-Brasil-318.pdf
Erro no arquivo: ./Observa Brasil/2009/Informe-Semanal-Brasil-324.pdf
Erro no arquivo: ./Observa Brasil/2009/Informe-Semanal-Brasil-330.pdf
Erro no arquivo: ./Observa Brasil/2009/Informe-Semanal-Brasil-326.pdf
Erro no arquivo: ./Observa Brasil/2009/Informe-Semanal-Brasil-332.pdf
Erro no arquivo: ./Observa Brasil/2009/Informe-Semanal-Brasil-333.pdf
Erro no arquivo: ./Observa Brasil/2009/Informe-Semanal-Brasil-327.pdf
Erro no arquivo: ./Observa Brasil/2009/Informe-Semanal-Brasil-340.pdf
Erro no arquivo: ./Observa Brasil/2009/Informe-Semanal-Brasil-355.pdf
Erro no arquivo: ./Observa Brasil/2009/Informe-Semanal-Brasil-343.pdf
Erro no arquivo: ./Observa Brasil/2009/Informe-Semanal-Brasil-342.pdf
Erro no arquivo: ./Observa Brasil/2009/Informe-Semanal-Brasil-346.pdf
Erro no arquivo: ./Observa Brasil/2009/Informe-Semanal-Brasil-344.pdf
Erro no arquivo: ./Observa Brasil/2009/Informe-Semanal-Brasil-349.pdf
Erro no arquivo: ./Observa Brasil/2009/Informe-Semanal-Brasil-348.pdf
Erro no arquivo: ./Observa Brasil/2009/Informe-Semanal-Brasil-359.pdf
Erro no arquivo: ./Observa Brasil/2009/Informe-Semanal-Brasil-317.pdf
Erro no arquivo: ./Observa Brasil/2009/Informe-Semanal-Brasil-329.pdf
Erro no arquivo: ./Observa Brasil/2009/Informe-Semanal-Brasil-328.pdf
Erro no arquivo: ./Observa Brasil/2009/Informe-Semanal-Brasil-338.pdf
Erro no arquivo: ./Observa Brasil/2009/Informe-Semanal-Brasil-339.pdf
Erro no arquivo: ./Observa Brasil/2017/Informe Brasil 08-2017.pdf
Erro no arquivo: ./Observa Brasil/2010/.DS_Store
Erro no arquivo: ./Observa Brasil/2010/Informe-Semanal-Brasil-397.pdf
Erro no arquivo: ./Observa Brasil/2010/Informe-Semanal-Brasil-385.pdf
Erro no arquivo: ./Observa Brasil/2010/Informe-Semanal-Brasil-386.pdf
Erro no arquivo: ./Observa Brasil/2010/Informe-Semanal-Brasil-387.pdf
Erro no arquivo: ./Observa Brasil/2010/Informe-Semanal-Brasil-375.pdf
Erro no arquivo: ./Observa Brasil/2010/Informe-Semanal-Brasil-374.pdf
Erro no arquivo: ./Observa Brasil/2010/Informe-Semanal-Brasil-389.pdf
Erro no arquivo: ./Observa Brasil/2010/Informe-Semanal-Brasil-388.pdf
Erro no arquivo: ./Observa Brasil/2010/Informe-Semanal-Brasil-398.pdf
Erro no arquivo: ./Observa Brasil/2010/Informe-Semanal-Brasil-399.pdf
Erro no arquivo: ./Observa Brasil/2010/Informe-Semanal-Brasil-400.pdf
Erro no arquivo: ./Observa Brasil/2010/Informe-Semanal-Brasil-371.pdf
Erro no arquivo: ./Observa Brasil/2019/.DS_Store
Erro no arquivo: ./Observa Brasil/2019/Informe-Brasil-39-2019.pdf
Erro no arquivo: ./Observa Brasil/2011/Informe-Semanal-Brasil-Sul-Americano-22-2011.pdf
Erro no arquivo: ./Observa Brasil/2011/Informe-Semanal-Brasil-Sul-Americano-21-2011.pdf
Erro no arquivo: ./Observa Brasil/2011/Informe-Semanal-Brasil-Sul-Americano-20-2011.pdf
Erro no arquivo: ./Observa Brasil/2011/Informe-Semanal-Brasil-Sul-Americano-19-2011.pdf
Erro no arquivo: ./Observa Brasil/2005/Informe-Semanal-Brasil-156.pdf
Erro no arquivo: ./Observa Brasil/2005/Informe-Semanal-Brasil-181.pdf
Erro no arquivo: ./Observa Brasil/2005/Informe-Semanal-Brasil-195.pdf
Erro no arquivo: ./Observa Brasil/2005/Informe-Semanal-Brasil-194.pdf
Erro no arquivo: ./Observa Brasil/2005/Informe-Semanal-Brasil-180.pdf
Erro no arquivo: ./Observa Brasil/2005/Informe-Semanal-Brasil-169.pdf
Erro no arquivo: ./Observa Brasil/2005/Informe-Semanal-Brasil-155.pdf
Erro no arquivo: ./Observa Brasil/2005/Informe-Semanal-Brasil-196.pdf
Erro no arquivo: ./Observa Brasil/2005/Informe-Semanal-Brasil-182.pdf
Erro no arquivo: ./Observa Brasil/2005/Informe-Semanal-Brasil-183.pdf
Erro no arquivo: ./Observa Brasil/2005/Informe-Semanal-Brasil-197.pdf
Erro no arquivo: ./Observa Brasil/2005/Informe-Semanal-Brasil-168.pdf
Erro no arquivo: ./Observa Brasil/2005/Informe-Semanal-Brasil-178.pdf
Erro no arquivo: ./Observa Brasil/2005/Informe-Semanal-Brasil-193.pdf
Erro no arquivo: ./Observa Brasil/2005/Informe-Semanal-Brasil-187.pdf
Erro no arquivo: ./Observa Brasil/2005/Informe-Semanal-Brasil-186.pdf
Erro no arquivo: ./Observa Brasil/2005/Informe-Semanal-Brasil-192.pdf
Erro no arquivo: ./Observa Brasil/2005/Informe-Semanal-Brasil-179.pdf
Erro no arquivo: ./Observa Brasil/2005/Informe-Semanal-Brasil-191.pdf
Erro no arquivo: ./Observa Brasil/2005/Informe-Semanal-Brasil-185.pdf
Erro no arquivo: ./Observa Brasil/2005/Informe-Semanal-Brasil-163.pdf
Erro no arquivo: ./Observa Brasil/2005/Informe-Semanal-Brasil-177.pdf
Erro no arquivo: ./Observa Brasil/2005/Informe-Semanal-Brasil-189.pdf
Erro no arquivo: ./Observa Brasil/2005/Informe-Semanal-Brasil-176.pdf
Erro no arquivo: ./Observa Brasil/2005/Informe-Semanal-Brasil-160.pdf
Erro no arquivo: ./Observa Brasil/2005/Informe-Semanal-Brasil-161.pdf
Erro no arquivo: ./Observa Brasil/2005/Informe-Semanal-Brasil-171.pdf
Erro no arquivo: ./Observa Brasil/2005/Informe-Semanal-Brasil-159.pdf
Erro no arquivo: ./Observa Brasil/2005/Informe-Semanal-Brasil-158.pdf
Erro no arquivo: ./Observa Brasil/2005/Informe-Semanal-Brasil-170.pdf
Erro no arquivo: ./Observa Brasil/2005/Informe-Semanal-Brasil-172.pdf
Erro no arquivo: ./Observa Brasil/2005/Informe-Semanal-Brasil-173.pdf
Erro no arquivo: ./Observa Brasil/2005/Informe-Semanal-Brasil-167.pdf
Erro no arquivo: ./Observa Brasil/2002/Informe-Semanal-Brasil-61.pdf
Erro no arquivo: ./Observa Brasil/2002/Informe-Semanal-Brasil-48.pdf
Erro no arquivo: ./Observa Brasil/2002/Informe-Semanal-Brasil-60.pdf
Erro no arquivo: ./Observa Brasil/2002/Informe-Semanal-Brasil-62.pdf
Erro no arquivo: ./Observa Brasil/2002/Informe-Semanal-Brasil-58.pdf
Erro no arquivo: ./Observa Brasil/2002/Informe-Semanal-Brasil-59.pdf
Erro no arquivo: ./Observa Brasil/2002/Informe-Semanal-Brasil-16.pdf
Erro no arquivo: ./Observa Brasil/2002/Informe-Semanal-Brasil-17.pdf
Erro no arquivo: ./Observa Brasil/2002/Informe-Semanal-Brasil-15.pdf
Erro no arquivo: ./Observa Brasil/2002/Informe-Semanal-Brasil-28.pdf
Erro no arquivo: ./Observa Brasil/2002/Informe-Semanal-Brasil-14.pdf
Erro no arquivo: ./Observa Brasil/2002/Informe-Semanal-Brasil-38.pdf
Erro no arquivo: ./Observa Brasil/2002/Informe-Semanal-Brasil-23.pdf
Erro no arquivo: ./Observa Brasil/2002/Informe-Semanal-Brasil-37.pdf
Erro no arquivo: ./Observa Brasil/2002/Informe-Semanal-Brasil-36.pdf
Erro no arquivo: ./Observa Brasil/2002/Informe-Semanal-Brasil-22.pdf
Erro no arquivo: ./Observa Brasil/2002/Informe-Semanal-Brasil-34.pdf
Erro no arquivo: ./Observa Brasil/2002/Informe-Semanal-Brasil-20.pdf
Erro no arquivo: ./Observa Brasil/2002/Informe-Semanal-Brasil-21.pdf
Erro no arquivo: ./Observa Brasil/2002/Informe-Semanal-Brasil-31.pdf
Erro no arquivo: ./Observa Brasil/2002/Informe-Semanal-Brasil-25.pdf
Erro no arquivo: ./Observa Brasil/2002/Informe-Semanal-Brasil-24.pdf
Erro no arquivo: ./Observa Brasil/2002/Informe-Semanal-Brasil-18.pdf
Erro no arquivo: ./Observa Brasil/2002/Informe-Semanal-Brasil-26.pdf
Erro no arquivo: ./Observa Brasil/2002/Informe-Semanal-Brasil-32.pdf
Erro no arquivo: ./Observa Brasil/2002/Informe-Semanal-Brasil-33.pdf
Erro no arquivo: ./Observa Brasil/2002/Informe-Semanal-Brasil-27.pdf
Erro no arquivo: ./Observa Brasil/2002/Informe-Semanal-Brasil-40.pdf
Erro no arquivo: ./Observa Brasil/2002/Informe-Semanal-Brasil-54.pdf
Erro no arquivo: ./Observa Brasil/2002/Informe-Semanal-Brasil-55.pdf
Erro no arquivo: ./Observa Brasil/2002/Informe-Semanal-Brasil-41.pdf
Erro no arquivo: ./Observa Brasil/2002/Informe-Semanal-Brasil-43.pdf
Erro no arquivo: ./Observa Brasil/2002/Informe-Semanal-Brasil-42.pdf
Erro no arquivo: ./Observa Brasil/2002/Informe-Semanal-Brasil-56.pdf
Erro no arquivo: ./Observa Brasil/2002/Informe-Semanal-Brasil-52.pdf
Erro no arquivo: ./Observa Brasil/2002/Informe-Semanal-Brasil-46.pdf
Erro no arquivo: ./Observa Brasil/2002/Informe-Semanal-Brasil-47.pdf
Erro no arquivo: ./Observa Brasil/2002/Informe-Semanal-Brasil-45.pdf
Erro no arquivo: ./Observa Brasil/2002/Informe-Semanal-Brasil-51.pdf
Erro no arquivo: ./Observa Brasil/2002/Informe-Semanal-Brasil-50.pdf
Erro no arquivo: ./Observa Brasil/2002/Informe-Semanal-Brasil-44.pdf
Erro no arquivo: ./Observa Brasil/2003/Informe-Semanal-Brasil-75.pdf
Erro no arquivo: ./Observa Brasil/2003/Informe-Semanal-Brasil-74.pdf
Erro no arquivo: ./Observa Brasil/2003/Informe-Semanal-Brasil-76.pdf
Erro no arquivo: ./Observa Brasil/2003/Informe-Semanal-Brasil-89.pdf
Erro no arquivo: ./Observa Brasil/2003/Informe-Semanal-Brasil-88.pdf
Erro no arquivo: ./Observa Brasil/2003/Informe-Semanal-Brasil-63.pdf
Erro no arquivo: ./Observa Brasil/2003/Informe-Semanal-Brasil-77.pdf
Erro no arquivo: ./Observa Brasil/2003/Informe-Semanal-Brasil-73.pdf
Erro no arquivo: ./Observa Brasil/2003/Informe-Semanal-Brasil-67.pdf
Erro no arquivo: ./Observa Brasil/2003/Informe-Semanal-Brasil-98.pdf
Erro no arquivo: ./Observa Brasil/2003/Informe-Semanal-Brasil-99.pdf
Erro no arquivo: ./Observa Brasil/2003/Informe-Semanal-Brasil-66.pdf
Erro no arquivo: ./Observa Brasil/2003/Informe-Semanal-Brasil-64.pdf
Erro no arquivo: ./Observa Brasil/2003/Informe-Semanal-Brasil-70.pdf
Erro no arquivo: ./Observa Brasil/2003/Informe-Semanal-Brasil-71.pdf
Erro no arquivo: ./Observa Brasil/2003/Informe-Semanal-Brasil-65.pdf
Erro no arquivo: ./Observa Brasil/2003/Informe-Semanal-Brasil-100.pdf
Erro no arquivo: ./Observa Brasil/2003/Informe-Semanal-Brasil-68.pdf
Erro no arquivo: ./Observa Brasil/2003/Informe-Semanal-Brasil-83.pdf
Erro no arquivo: ./Observa Brasil/2003/Informe-Semanal-Brasil-96.pdf
Erro no arquivo: ./Observa Brasil/2003/Informe-Semanal-Brasil-82.pdf
Erro no arquivo: ./Observa Brasil/2003/Informe-Semanal-Brasil-69.pdf
Erro no arquivo: ./Observa Brasil/2003/Informe-Semanal-Brasil-101.pdf
Erro no arquivo: ./Observa Brasil/2003/Informe-Semanal-Brasil-103.pdf
Erro no arquivo: ./Observa Brasil/2003/Informe-Semanal-Brasil-94.pdf
Erro no arquivo: ./Observa Brasil/2003/Informe-Semanal-Brasil-80.pdf
Erro no arquivo: ./Observa Brasil/2003/Informe-Semanal-Brasil-81.pdf
Erro no arquivo: ./Observa Brasil/2003/Informe-Semanal-Brasil-95.pdf
Erro no arquivo: ./Observa Brasil/2003/Informe-Semanal-Brasil-85.pdf
Erro no arquivo: ./Observa Brasil/2003/Informe-Semanal-Brasil-84.pdf
Erro no arquivo: ./Observa Brasil/2003/Informe-Semanal-Brasil-90.pdf
Erro no arquivo: ./Observa Brasil/2003/Informe-Semanal-Brasil-105.pdf
Erro no arquivo: ./Observa Brasil/2003/Informe-Semanal-Brasil-86.pdf
Erro no arquivo: ./Observa Brasil/2003/Informe-Semanal-Brasil-92.pdf
Erro no arquivo: ./Observa Brasil/2003/Informe-Semanal-Brasil-93.pdf
Erro no arquivo: ./Observa Brasil/2003/Informe-Semanal-Brasil-87.pdf
Erro no arquivo: ./Observa Brasil/2004/Informe-Semanal-Brasil-134.pdf
Erro no arquivo: ./Observa Brasil/2004/Informe-Semanal-Brasil-123.pdf
Erro no arquivo: ./Observa Brasil/2004/Informe-Semanal-Brasil-133.pdf
Erro no arquivo: ./Observa Brasil/2004/Informe-Semanal-Brasil-132.pdf
Erro no arquivo: ./Observa Brasil/2004/Informe-Semanal-Brasil-119.pdf
Erro no arquivo: ./Observa Brasil/2004/Informe-Semanal-Brasil-125.pdf
Erro no arquivo: ./Observa Brasil/2004/Informe-Semanal-Brasil-140.pdf
Erro no arquivo: ./Observa Brasil/2004/Informe-Semanal-Brasil-154.pdf
Erro no arquivo: ./Observa Brasil/2004/Informe-Semanal-Brasil-151.pdf
Erro no arquivo: ./Observa Brasil/2004/Informe-Semanal-Brasil-129.pdf
Erro no arquivo: ./Observa Brasil/2004/Informe-Semanal-Brasil-117.pdf
